71.22.242.149:66666,154.57.228.209:66666,76.134.74.86:66666,195.18.234.250:66666,15.183.218.197:66666,90.80.189.206:66667,241.6.211.30:66667,152.40.219.24:66667,58.111.139.177:66667,142.218.10.93:66667,115.239.142.208:66667,110.67.29.130:66667,241.21.146.120:66667,241.123.1.192:66667,65.147.116.115:66667,