152.40.219.24:333333,58.111.139.177:333333,90.80.189.206:333334,