152.40.219.24:142857,58.111.139.177:142857,142.218.10.93:142857,115.239.142.208:142857,110.67.29.130:142857,241.21.146.120:142857,90.80.189.206:142858,