485:285714,572:285714,341:285714,547:285714,27:285714,530:285715,981:285715,