692:1870,226:1888,872:1888,256:1895,178:1896,389:1897,955:1901,811:1901,252:1901,25:1903,479:1903,613:1905,513:1907,884:1909,504:1909,965:1909,14:1910,8:1911,15:1912,187:1912,263:1913,739:1914,864:1914,75:1916,285:1917,945:1917,870:1917,243:1919,624:1919,940:1920,435:1921,460:1921,165:1922,657:1922,87:1923,363:1923,345:1923,467:1923,230:1924,465:1924,612:1924,278:1926,998:1926,244:1926,257:1927,237:1928,805:1928,47:1929,857:1929,324:1930,932:1931,146:1931,71:1931,967:1931,895:1932,197:1932,232:1932,890:1932,622:1932,915:1932,141:1933,413:1933,942:1933,182:1934,847:1934,167:1935,365:1935,791:1935,53:1936,292:1936,780:1936,302:1936,408:1936,634:1936,26:1937,168:1937,209:1937,721:1937,580:1937,200:1938,417:1938,558:1938,829:1938,712:1938,474:1939,904:1939,865:1939,281:1939,630:1940,697:1940,329:1940,557:1941,974:1941,570:1941,718:1942,331:1942,348:1942,822:1942,737:1943,258:1943,388:1944,336:1944,306:1944,917:1944,128:1945,671:1945,539:1946,41:1946,188:1946,320:1946,950:1946,840:1946,525:1946,970:1947,112:1947,675:1947,378:1947,963:1947,221:1947,240:1948,528:1948,562:1948,7:1948,907:1948,108:1949,177:1949,550:1949,810:1949,372:1949,153:1950,66:1950,727:1950,298:1950,636:1950,783:1951,327:1951,842:1951,271:1951,458:1951,19:1951,772:1952,495:1952,441:1952,170:1952,577:1952,32:1953,155:1953,162:1953,357:1953,494:1953,24:1953,728:1953,462:1954,94:1954,545:1954,280:1954,64:1955,283:1955,310:1955,989:1955,604:1955,956:1955,649:1955,819:1955,919:1955,590:1955,401:1955,438:1955,190:1955,867:1956,553:1956,749:1956,660:1956,290:1956,400:1956,561:1956,984:1956,300:1956,28:1957,723:1957,621:1957,535:1957,39:1958,214:1958,405:1958,854:1958,92:1958,534:1958,157:1959,472:1959,817:1959,885:1959,282:1959,463:1959,833:1959,156:1960,903:1960,585:1960,792:1960,171:1960,383:1961,213:1961,45:1961,713:1961,60:1961,487:1962,741:1962,276:1962,565:1962,798:1962,59:1962,163:1962,673:1963,85:1963,223:1963,708:1963,680:1963,620:1963,326:1963,598:1963,669:1963,309:1963,176:1964,701:1964,396:1964,138:1964,301:1964,323:1964,757:1965,908:1965,516:1965,752:1965,374:1965,892:1965,699:1966,332:1966,930:1966,592:1967,12:1967,27:1967,11:1967,679:1967,519:1968,889:1968,493:1968,852:1968,828:1968,750:1968,275:1969,484:1969,455:1969,575:1969,456:1969,574:1969,986:1969,761:1969,469:1969,414:1970,4:1970,658:1970,95:1970,812:1970,995:1970,581:1970,201:1970,447:1970,22:1971,185:1971,69:1971,422:1971,559:1971,279:1971,305:1971,551:1971,89:1972,468:1972,334:1972,951:1972,483:1972,136:1973,424:1973,242:1973,706:1973,83:1973,925:1973,876:1974,144:1974,754:1974,949:1974,916:1974,975:1974,738:1974,851:1974,473:1974,293:1974,987:1974,362:1975,982:1975,452:1975,120:1975,98:1975,149:1975,330:1975,644:1975,978:1975,935:1975,106:1975,582:1976,341:1976,381:1977,97:1977,926:1977,703:1978,426:1978,815:1978,670:1978,707:1978,476:1978,543:1978,629:1978,194:1978,307:1978,717:1978,768:1978,694:1978,179:1979,359:1979,50:1979,10:1979,416:1979,48:1979,403:1979,823:1979,126:1979,58:1979,99:1979,204:1980,169:1980,843:1980,882:1980,288:1980,538:1980,284:1980,784:1980,80:1980,520:1980,437:1980,759:1980,929:1981,775:1981,234:1981,429:1981,698:1981,579:1981,672:1981,77:1981,665:1981,830:1982,286:1982,524:1982,498:1982,806:1982,905:1982,774:1983,222:1983,778:1983,617:1983,769:1983,368:1983,962:1983,189:1983,779:1984,714:1984,392:1984,273:1984,682:1984,610:1984,410:1984,766:1985,844:1985,235:1985,427:1985,821:1985,763:1986,639:1986,731:1986,174:1986,914:1986,552:1986,877:1986,74:1987,609:1987,111:1987,849:1987,134:1987,344:1987,503:1987,946:1988,710:1988,959:1988,314:1988,269:1988,415:1988,393:1989,147:1989,431:1989,596:1989,90:1989,663:1989,910:1989,133:1989,893:1989,512:1989,678:1989,653:1989,587:1990,421:1990,638:1990,490:1990,540:1990,740:1990,443:1990,265:1990,430:1990,988:1990,228:1991,117:1991,154:1991,375:1991,355:1991,500:1991,788:1991,887:1992,125:1992,993:1992,215:1992,981:1992,827:1992,541:1992,531:1992,173:1993,218:1993,249:1993,350:1993,442:1993,569:1993,140:1993,299:1993,586:1993,921:1993,787:1993,391:1994,380:1994,891:1994,63:1994,267:1994,360:1994,68:1994,491:1994,5:1994,781:1995,555:1995,990:1995,217:1995,691:1995,241:1995,599:1996,394:1996,433:1996,206:1996,130:1996,508:1996,308:1996,255:1997,46:1997,220:1997,906:1997,121:1997,254:1997,123:1997,114:1997,347:1997,966:1997,584:1998,771:1998,928:1998,511:1998,411:1999,56:1999,667:1999,382:1999,371:1999,319:1999,868:1999,711:1999,532:1999,506:1999,321:1999,73:2000,79:2000,397:2000,518:2000,195:2000,972:2000,782:2001,556:2001,897:2001,196:2001,33:2001,533:2001,802:2001,274:2001,735:2001,637:2002,601:2002,379:2002,514:2002,845:2003,127:2003,407:2003,602:2003,161:2003,795:2003,219:2004,859:2004,883:2004,43:2004,119:2004,351:2004,471:2004,980:2004,595:2004,760:2004,439:2004,398:2005,874:2005,650:2005,899:2005,325:2005,449:2005,941:2005,991:2005,6:2005,745:2005,729:2005,977:2005,924:2006,755:2006,661:2006,818:2006,446:2006,615:2006,947:2007,765:2007,720:2007,262:2007,361:2007,207:2007,67:2007,747:2007,743:2007,684:2007,166:2007,676:2008,724:2008,641:2008,855:2008,358:2008,88:2008,342:2008,37:2008,605:2008,260:2008,936:2008,804:2008,696:2008,944:2008,23:2008,461:2008,507:2009,931:2009,82:2009,20:2009,960:2010,521:2010,860:2010,758:2010,583:2010,451:2010,193:2010,370:2010,762:2010,78:2010,183:2010,150:2010,785:2010,846:2010,578:2011,793:2011,434:2011,418:2011,287:2011,853:2011,124:2011,814:2011,129:2011,464:2012,875:2012,690:2012,992:2012,571:2012,850:2012,635:2012,971:2012,911:2012,352:2013,420:2013,832:2013,312:2013,529:2013,836:2013,848:2014,879:2014,794:2014,172:2014,164:2014,402:2014,404:2014,3:2014,744:2014,567:2014,606:2015,481:2015,445:2015,328:2015,229:2015,858:2015,547:2015,72:2016,546:2016,611:2016,751:2016,576:2016,13:2016,614:2016,159:2016,686:2016,203:2016,135:2016,488:2016,719:2016,918:2016,180:2017,266:2017,70:2017,509:2017,938:2017,619:2017,297:2017,909:2017,316:2017,683:2017,702:2017,594:2017,530:2017,873:2018,730:2018,554:2018,184:2018,645:2018,224:2018,894:2018,322:2018,689:2018,560:2018,412:2018,16:2019,349:2019,261:2019,104:2019,428:2019,502:2019,597:2020,113:2020,715:2020,376:2020,51:2020,937:2021,291:2021,501:2021,475:2021,268:2021,333:2022,716:2022,674:2022,57:2022,338:2022,466:2023,898:2023,364:2023,160:2023,122:2023,826:2023,969:2023,773:2023,448:2024,901:2024,17:2024,181:2024,824:2024,651:2024,796:2024,84:2024,996:2025,952:2025,315:2025,303:2025,313:2025,542:2025,248:2025,152:2025,709:2025,294:2025,523:2026,704:2026,253:2026,470:2026,337:2026,862:2027,29:2027,236:2027,0:2027,880:2027,807:2027,588:2027,912:2027,777:2027,143:2027,900:2028,425:2028,618:2028,943:2028,705:2028,49:2028,34:2028,65:2028,837:2028,343:2029,544:2029,399:2029,151:2029,838:2029,628:2029,767:2029,199:2030,186:2030,888:2030,91:2030,655:2030,93:2031,100:2031,409:2031,211:2031,210:2031,384:2031,732:2032,18:2032,548:2032,145:2032,192:2032,225:2032,790:2032,979:2032,920:2032,482:2032,373:2033,30:2033,105:2033,866:2033,632:2033,753:2033,566:2033,825:2034,997:2034,958:2034,385:2034,563:2034,652:2035,568:2035,623:2035,869:2035,346:2035,700:2035,251:2035,296:2036,902:2036,881:2036,666:2036,642:2036,515:2036,432:2036,633:2037,2:2037,109:2037,861:2037,640:2037,406:2038,800:2038,175:2038,116:2038,81:2038,191:2038,444:2039,110:2039,137:2039,953:2040,62:2040,734:2040,233:2040,38:2041,387:2041,786:2042,139:2042,54:2042,295:2042,913:2042,339:2042,983:2042,395:2042,115:2042,499:2043,231:2043,356:2043,496:2044,646:2044,522:2045,107:2045,517:2045,789:2045,809:2045,318:2045,227:2046,537:2046,564:2046,948:2046,419:2047,436:2047,277:2047,454:2047,61:2047,492:2047,205:2047,820:2047,304:2047,549:2048,335:2048,664:2048,999:2049,770:2049,489:2049,148:2050,202:2050,52:2050,480:2051,648:2051,939:2051,886:2051,736:2052,973:2052,102:2052,834:2052,247:2052,367:2052,725:2052,118:2052,589:2052,607:2052,662:2053,390:2053,208:2053,340:2053,695:2054,36:2054,353:2054,270:2054,933:2054,677:2055,957:2055,961:2055,440:2056,799:2056,659:2056,968:2056,878:2058,96:2058,86:2058,871:2058,21:2058,839:2058,31:2058,593:2059,994:2059,131:2060,457:2060,103:2061,311:2061,797:2061,486:2061,246:2061,831:2061,317:2062,803:2062,668:2062,627:2062,42:2062,459:2062,386:2063,733:2063,954:2063,808:2064,505:2064,485:2065,377:2065,366:2065,726:2066,158:2066,526:2066,685:2066,354:2066,35:2067,687:2068,453:2068,746:2068,497:2068,643:2068,985:2070,44:2070,626:2070,477:2070,625:2070,927:2071,896:2071,40:2071,239:2072,922:2072,631:2072,573:2072,259:2072,681:2074,801:2074,450:2074,572:2075,132:2076,647:2076,289:2076,654:2076,608:2076,212:2077,856:2079,863:2079,722:2080,510:2080,964:2080,264:2080,238:2081,976:2081,816:2082,616:2083,76:2083,1:2083,198:2084,748:2088,369:2089,245:2090,934:2090,764:2090,776:2092,591:2092,536:2092,250:2093,478:2095,688:2096,923:2098,756:2099,693:2101,272:2103,742:2103,813:2105,216:2106,101:2111,9:2112,603:2112,600:2113,841:2113,423:2113,527:2118,142:2121,55:2126,656:2152,835:2155,