434:133333,367:133333,355:133333,570:133333,475:133333,379:133333,372:133333,297:133333,659:133333,667:133333,530:133334,981:133334,49:133334,386:133334,485:133334,