85:5,89:5,66:5,131:5,52:5,46:5,48:5,35:5,41:6,91:6,64:6,75:6,71:6,381:6,55:6,255:6,42:6,270:6,57:6,28:6,130:6,80:6,45:6,53:6,51:6,65:6,26:6,37:6,25:7,27:7,50:7,93:7,61:7,31:7,40:7,36:7,30:8,20:9,32:10,21:10,29:11,24:12,23:12,19:18,22:18,17:21,18:23,16:24,15:31,13:33,14:36,11:45,12:46,10:65,9:81,8:97,7:132,6:184,5:256,4:388,3:648,2:1527,1:6039,