37:101,24:101,22:101,41:102,14:102,8:102,10:104,9:107,7:136,6:186,5:256,4:388,3:648,2:1527,1:6039,