75:1,71:1,381:1,255:1,270:1,399:1,127:1,56:1,509:1,296:1,156:1,181:1,333:1,105:1,409:1,74:1,250:1,211:1,216:1,387:1,174:1,323:1,95:1,341:1,54:1,187:1,70:1,146:1,261:1,106:1,14442:1,2537:1,49:1,129:1,76:1,176:1,180:1,107:1,419:1,125:1,60:1,67:1,100:1,759:1,297:1,97:1,99:1,188:1,139:1,126:1,237:1,265:1,59:1,920:1,115:1,359:1,110:1,325:1,538:1,366:1,144:1,101:1,103:1,81:1,133:1,78:1,393:1,601:1,93:2,91:2,85:2,89:2,66:2,131:2,52:2,55:2,57:2,73:2,72:2,130:2,84:2,68:2,117:2,62:2,43:2,102:2,69:2,34:2,58:2,61:3,42:3,80:3,39:3,33:3,64:3,45:3,47:3,44:3,40:4,65:4,41:4,53:4,51:4,46:4,26:5,48:5,35:5,28:5,25:6,50:6,31:6,27:6,37:6,30:7,36:7,32:9,20:9,21:10,29:11,24:12,23:12,19:18,22:18,17:21,18:23,16:24,15:31,13:33,14:36,11:45,12:46,10:65,9:81,8:97,7:132,6:184,5:256,4:388,3:648,2:1527,1:6039,