530:31746,981:31746,49:31746,386:31746,485:31746,341:31746,27:31746,555:31746,434:31746,367:31746,355:31746,570:31746,475:31746,379:31746,372:31746,297:31746,659:31746,667:31746,738:31746,793:31746,875:31746,113:31746,73:31746,754:31746,876:31746,989:31746,92:31746,22:31746,799:31746,675:31746,567:31746,317:31746,5:31746,339:31746,531:31746,46:31746,376:31746,37:31746,895:31746,822:31746,991:31746,623:31746,124:31746,185:31746,288:31746,352:31746,400:31746,219:31746,462:31746,230:31746,291:31746,622:31746,327:31746,193:31746,986:31746,958:31746,129:31746,976:31746,992:31746,572:31746,546:31746,430:31747,547:31747,